[rokstar.vercel.app/index.html]
[backblue.gif]
[fade.gif]
[index.html]
[rokstar.vercel.app/assets/img/icon/favicon.ico]
[rokstar.vercel.app/assets/css/bootstrap.min.css]
[rokstar.vercel.app/assets/css/font-awesome.min.css]
[rokstar.vercel.app/assets/css/flaticon.css]
[rokstar.vercel.app/assets/css/magnific-popup.css]
[rokstar.vercel.app/assets/css/slicknav.min.css]
[rokstar.vercel.app/assets/css/typography.css]
[rokstar.vercel.app/assets/css/default-css.css]
[rokstar.vercel.app/assets/css/styles.css]
[rokstar.vercel.app/assets/css/responsive.css]
[rokstar.vercel.app/assets/js/vendor/modernizr-2.8.3.min.js]
[rokstar.vercel.app/index-2.html]
[rokstar.vercel.app/assets/img/icon/logo.png]
[rokstar.vercel.app/assets/img/about/abt-left-thumb.jpg]
[rokstar.vercel.app/assets/img/portfolio/img1.jpg]
[rokstar.vercel.app/assets/img/portfolio/img2.jpg]
[rokstar.vercel.app/assets/img/portfolio/img3.jpg]
[rokstar.vercel.app/assets/img/portfolio/img4.jpg]
[rokstar.vercel.app/assets/img/portfolio/img5.jpg]
[rokstar.vercel.app/assets/img/portfolio/img6.jpg]
[rokstar.vercel.app/assets/img/icon/flogo.png]
[rokstar.vercel.app/assets/js/vendor/jquery-3.2.0.min.js]
[rokstar.vercel.app/assets/js/bootstrap.min.js]
[rokstar.vercel.app/assets/js/jquery.slicknav.min.js]
[rokstar.vercel.app/assets/js/jquery.magnific-popup.min.js]
[rokstar.vercel.app/assets/js/imagesloaded.pkgd.min.js]
[rokstar.vercel.app/assets/js/isotope.pkgd.min.js]
[rokstar.vercel.app/assets/js/plugins.js]
[rokstar.vercel.app/index.html]
[rokstar.vercel.app/assets/css/bootstrap.min.css]
[rokstar.vercel.app/assets/js/scripts.js]
[rokstar.vercel.app/assets/fonts/fontawesome-webfont5b62.eot]
[rokstar.vercel.app/assets/fonts/fontawesome-webfontd41d.eot]
[rokstar.vercel.app/assets/fonts/fontawesome-webfont5b62.woff2]
[rokstar.vercel.app/assets/fonts/fontawesome-webfont5b62.woff]
[rokstar.vercel.app/assets/fonts/fontawesome-webfont5b62.ttf]
[rokstar.vercel.app/assets/css/font-awesome.min.css]
[rokstar.vercel.app/assets/fonts/fontawesome-webfont5b62.svg]
[rokstar.vercel.app/assets/fonts/Flaticon.eot]
[rokstar.vercel.app/assets/fonts/Flaticond41d.eot]
[rokstar.vercel.app/assets/fonts/Flaticon.woff]
[rokstar.vercel.app/assets/fonts/Flaticon.ttf]
[rokstar.vercel.app/assets/fonts/Flaticon.svg]
[rokstar.vercel.app/assets/css/Flaticon.28.delayed]
[rokstar.vercel.app/assets/css/flaticon.css]
[rokstar.vercel.app/assets/css/magnific-popup.css]
[rokstar.vercel.app/assets/css/slicknav.min.css]
[rokstar.vercel.app/assets/css/typography.css]
[rokstar.vercel.app/assets/css/default-css.css]
[rokstar.vercel.app/assets/css/styles.css]
[rokstar.vercel.app/assets/css/responsive.css]
[rokstar.vercel.app/index-2.html]
[rokstar.vercel.app/assets/fonts/fontawesome-webfont5b62.svg]
[rokstar.vercel.app/assets/fonts/Flaticon.svg]
[rokstar.vercel.app/assets/css/Flaticon.html]
